2026-02-18T20:12:35.462+05:30  WARN 14148 --- [yavij-express] [main] ory$DuplicateJsonObjectContextCustomizer : 

Found multiple occurrences of org.json.JSONObject on the class path:

	jar:file:/C:/Users/Dell/.m2/repository/org/json/json/20180130/json-20180130.jar!/org/json/JSONObject.class
	jar:file:/C:/Users/Dell/.m2/repository/com/vaadin/external/google/android-json/0.0.20131108.vaadin1/android-json-0.0.20131108.vaadin1.jar!/org/json/JSONObject.class

You may wish to exclude one of them to ensure predictable runtime behavior

2026-02-18T20:12:35.534+05:30  INFO 14148 --- [yavij-express] [main] c.y.YavijexpressApplicationTests         : Starting YavijexpressApplicationTests using Java 22 with PID 14148 (started by Dell in C:\yavijexpress\yavijexpress\yavijexpress)
2026-02-18T20:12:35.535+05:30 DEBUG 14148 --- [yavij-express] [main] c.y.YavijexpressApplicationTests         : Running with Spring Boot v4.0.2, Spring v7.0.3
2026-02-18T20:12:35.537+05:30  INFO 14148 --- [yavij-express] [main] c.y.YavijexpressApplicationTests         : No active profile set, falling back to 1 default profile: "default"
2026-02-18T20:12:38.810+05:30  INFO 14148 --- [yavij-express] [main] .s.d.r.c.RepositoryConfigurationDelegate : Bootstrapping Spring Data JPA repositories in DEFAULT mode.
2026-02-18T20:12:39.028+05:30  INFO 14148 --- [yavij-express] [main] .s.d.r.c.RepositoryConfigurationDelegate : Finished Spring Data repository scanning in 197 ms. Found 12 JPA repository interfaces.
2026-02-18T20:12:40.213+05:30  INFO 14148 --- [yavij-express] [main] org.hibernate.orm.jpa                    : HHH008540: Processing PersistenceUnitInfo [name: default]
2026-02-18T20:12:40.405+05:30  INFO 14148 --- [yavij-express] [main] org.hibernate.orm.core                   : HHH000001: Hibernate ORM core version 7.2.1.Final
2026-02-18T20:12:41.494+05:30  INFO 14148 --- [yavij-express] [main] o.s.o.j.p.SpringPersistenceUnitInfo      : No LoadTimeWeaver setup: ignoring JPA class transformer
2026-02-18T20:12:41.556+05:30  INFO 14148 --- [yavij-express] [main] com.zaxxer.hikari.HikariDataSource       : HikariPool-1 - Starting...
2026-02-18T20:12:42.014+05:30  INFO 14148 --- [yavij-express] [main] com.zaxxer.hikari.pool.HikariPool        : HikariPool-1 - Added connection org.postgresql.jdbc.PgConnection@4cefa0be
2026-02-18T20:12:42.017+05:30  INFO 14148 --- [yavij-express] [main] com.zaxxer.hikari.HikariDataSource       : HikariPool-1 - Start completed.
2026-02-18T20:12:42.148+05:30  WARN 14148 --- [yavij-express] [main] org.hibernate.orm.deprecation            : HHH90000025: PostgreSQLDialect does not need to be specified explicitly using 'hibernate.dialect' (remove the property setting and it will be selected by default)
2026-02-18T20:12:42.219+05:30  INFO 14148 --- [yavij-express] [main] org.hibernate.orm.connections.pooling    : HHH10001005: Database info:
	Database JDBC URL [jdbc:postgresql://localhost:5432/yavij_express_db]
	Database driver: PostgreSQL JDBC Driver
	Database dialect: PostgreSQLDialect
	Database version: 18.1
	Default catalog/schema: yavij_express_db/public
	Autocommit mode: undefined/unknown
	Isolation level: READ_COMMITTED [default READ_COMMITTED]
	JDBC fetch size: none
	Pool: DataSourceConnectionProvider
	Minimum pool size: undefined/unknown
	Maximum pool size: undefined/unknown
2026-02-18T20:12:44.507+05:30  INFO 14148 --- [yavij-express] [main] org.hibernate.orm.core                   : HHH000489: No JTA platform available (set 'hibernate.transaction.jta.platform' to enable JTA platform integration)
2026-02-18T20:12:44.513+05:30  INFO 14148 --- [yavij-express] [main] org.hibernate.orm.jdbc.batch             : HHH100501: Automatic JDBC statement batching enabled (maximum batch size 50)
2026-02-18T20:12:44.736+05:30  INFO 14148 --- [yavij-express] [main] j.LocalContainerEntityManagerFactoryBean : Initialized JPA EntityManagerFactory for persistence unit 'default'
2026-02-18T20:12:44.934+05:30  INFO 14148 --- [yavij-express] [main] o.s.d.j.r.query.QueryEnhancerFactories   : Hibernate is in classpath; If applicable, HQL parser will be used.
2026-02-18T20:12:47.199+05:30  INFO 14148 --- [yavij-express] [main] eAuthenticationProviderManagerConfigurer : Global AuthenticationManager configured with AuthenticationProvider bean with name authenticationProvider
2026-02-18T20:12:47.200+05:30  WARN 14148 --- [yavij-express] [main] r$InitializeUserDetailsManagerConfigurer : Global AuthenticationManager configured with an AuthenticationProvider bean. UserDetailsService beans will not be used by Spring Security for automatically configuring username/password login. Consider removing the AuthenticationProvider bean. Alternatively, consider using the UserDetailsService in a manually instantiated DaoAuthenticationProvider. If the current configuration is intentional, to turn off this warning, increase the logging level of 'org.springframework.security.config.annotation.authentication.configuration.InitializeUserDetailsBeanManagerConfigurer' to ERROR
2026-02-18T20:12:48.062+05:30  WARN 14148 --- [yavij-express] [main] JpaBaseConfiguration$JpaWebConfiguration : spring.jpa.open-in-view is enabled by default. Therefore, database queries may be performed during view rendering. Explicitly configure spring.jpa.open-in-view to disable this warning
2026-02-18T20:12:49.405+05:30  INFO 14148 --- [yavij-express] [main] o.s.m.s.b.SimpleBrokerMessageHandler     : Starting...
2026-02-18T20:12:49.406+05:30  INFO 14148 --- [yavij-express] [main] o.s.m.s.b.SimpleBrokerMessageHandler     : BrokerAvailabilityEvent[available=true, SimpleBrokerMessageHandler [org.springframework.messaging.simp.broker.DefaultSubscriptionRegistry@6c31b410]]
2026-02-18T20:12:49.407+05:30  INFO 14148 --- [yavij-express] [main] o.s.m.s.b.SimpleBrokerMessageHandler     : Started.
2026-02-18T20:12:49.417+05:30  INFO 14148 --- [yavij-express] [main] c.y.YavijexpressApplicationTests         : Started YavijexpressApplicationTests in 14.709 seconds (process running for 20.891)
2026-02-18T20:12:50.644+05:30  INFO 14148 --- [yavij-express] [SpringApplicationShutdownHook] o.s.m.s.b.SimpleBrokerMessageHandler     : Stopping...
2026-02-18T20:12:50.645+05:30  INFO 14148 --- [yavij-express] [SpringApplicationShutdownHook] o.s.m.s.b.SimpleBrokerMessageHandler     : BrokerAvailabilityEvent[available=false, SimpleBrokerMessageHandler [org.springframework.messaging.simp.broker.DefaultSubscriptionRegistry@6c31b410]]
2026-02-18T20:12:50.645+05:30  INFO 14148 --- [yavij-express] [SpringApplicationShutdownHook] o.s.m.s.b.SimpleBrokerMessageHandler     : Stopped.
2026-02-18T20:12:50.661+05:30  INFO 14148 --- [yavij-express] [SpringApplicationShutdownHook] j.LocalContainerEntityManagerFactoryBean : Closing JPA EntityManagerFactory for persistence unit 'default'
2026-02-18T20:12:50.667+05:30  INFO 14148 --- [yavij-express] [SpringApplicationShutdownHook] com.zaxxer.hikari.HikariDataSource       : HikariPool-1 - Shutdown initiated...
2026-02-18T20:12:50.681+05:30  INFO 14148 --- [yavij-express] [SpringApplicationShutdownHook] com.zaxxer.hikari.HikariDataSource       : HikariPool-1 - Shutdown completed.
2026-02-18T20:19:21.915+05:30  WARN 22752 --- [yavij-express] [main] ory$DuplicateJsonObjectContextCustomizer : 

Found multiple occurrences of org.json.JSONObject on the class path:

	jar:file:/C:/Users/Dell/.m2/repository/org/json/json/20180130/json-20180130.jar!/org/json/JSONObject.class
	jar:file:/C:/Users/Dell/.m2/repository/com/vaadin/external/google/android-json/0.0.20131108.vaadin1/android-json-0.0.20131108.vaadin1.jar!/org/json/JSONObject.class

You may wish to exclude one of them to ensure predictable runtime behavior

2026-02-18T20:19:21.948+05:30  INFO 22752 --- [yavij-express] [main] c.y.YavijexpressApplicationTests         : Starting YavijexpressApplicationTests using Java 22 with PID 22752 (started by Dell in C:\yavijexpress\yavijexpress\yavijexpress)
2026-02-18T20:19:21.949+05:30 DEBUG 22752 --- [yavij-express] [main] c.y.YavijexpressApplicationTests         : Running with Spring Boot v4.0.2, Spring v7.0.3
2026-02-18T20:19:21.951+05:30  INFO 22752 --- [yavij-express] [main] c.y.YavijexpressApplicationTests         : No active profile set, falling back to 1 default profile: "default"
2026-02-18T20:19:25.338+05:30  INFO 22752 --- [yavij-express] [main] .s.d.r.c.RepositoryConfigurationDelegate : Bootstrapping Spring Data JPA repositories in DEFAULT mode.
2026-02-18T20:19:25.563+05:30  INFO 22752 --- [yavij-express] [main] .s.d.r.c.RepositoryConfigurationDelegate : Finished Spring Data repository scanning in 202 ms. Found 12 JPA repository interfaces.
2026-02-18T20:19:29.040+05:30  INFO 22752 --- [yavij-express] [main] org.hibernate.orm.jpa                    : HHH008540: Processing PersistenceUnitInfo [name: default]
2026-02-18T20:19:29.308+05:30  INFO 22752 --- [yavij-express] [main] org.hibernate.orm.core                   : HHH000001: Hibernate ORM core version 7.2.1.Final
2026-02-18T20:19:30.173+05:30  INFO 22752 --- [yavij-express] [main] o.s.o.j.p.SpringPersistenceUnitInfo      : No LoadTimeWeaver setup: ignoring JPA class transformer
2026-02-18T20:19:30.233+05:30  INFO 22752 --- [yavij-express] [main] com.zaxxer.hikari.HikariDataSource       : HikariPool-1 - Starting...
2026-02-18T20:19:30.641+05:30  INFO 22752 --- [yavij-express] [main] com.zaxxer.hikari.pool.HikariPool        : HikariPool-1 - Added connection org.postgresql.jdbc.PgConnection@65c689e7
2026-02-18T20:19:30.646+05:30  INFO 22752 --- [yavij-express] [main] com.zaxxer.hikari.HikariDataSource       : HikariPool-1 - Start completed.
2026-02-18T20:19:30.753+05:30  WARN 22752 --- [yavij-express] [main] org.hibernate.orm.deprecation            : HHH90000025: PostgreSQLDialect does not need to be specified explicitly using 'hibernate.dialect' (remove the property setting and it will be selected by default)
2026-02-18T20:19:30.831+05:30  INFO 22752 --- [yavij-express] [main] org.hibernate.orm.connections.pooling    : HHH10001005: Database info:
	Database JDBC URL [jdbc:postgresql://localhost:5432/yavij_express_db]
	Database driver: PostgreSQL JDBC Driver
	Database dialect: PostgreSQLDialect
	Database version: 18.1
	Default catalog/schema: yavij_express_db/public
	Autocommit mode: undefined/unknown
	Isolation level: READ_COMMITTED [default READ_COMMITTED]
	JDBC fetch size: none
	Pool: DataSourceConnectionProvider
	Minimum pool size: undefined/unknown
	Maximum pool size: undefined/unknown
2026-02-18T20:19:33.080+05:30  INFO 22752 --- [yavij-express] [main] org.hibernate.orm.core                   : HHH000489: No JTA platform available (set 'hibernate.transaction.jta.platform' to enable JTA platform integration)
2026-02-18T20:19:33.086+05:30  INFO 22752 --- [yavij-express] [main] org.hibernate.orm.jdbc.batch             : HHH100501: Automatic JDBC statement batching enabled (maximum batch size 50)
2026-02-18T20:19:33.278+05:30  INFO 22752 --- [yavij-express] [main] j.LocalContainerEntityManagerFactoryBean : Initialized JPA EntityManagerFactory for persistence unit 'default'
2026-02-18T20:19:33.519+05:30  INFO 22752 --- [yavij-express] [main] o.s.d.j.r.query.QueryEnhancerFactories   : Hibernate is in classpath; If applicable, HQL parser will be used.
2026-02-18T20:19:36.108+05:30  INFO 22752 --- [yavij-express] [main] eAuthenticationProviderManagerConfigurer : Global AuthenticationManager configured with AuthenticationProvider bean with name authenticationProvider
2026-02-18T20:19:36.109+05:30  WARN 22752 --- [yavij-express] [main] r$InitializeUserDetailsManagerConfigurer : Global AuthenticationManager configured with an AuthenticationProvider bean. UserDetailsService beans will not be used by Spring Security for automatically configuring username/password login. Consider removing the AuthenticationProvider bean. Alternatively, consider using the UserDetailsService in a manually instantiated DaoAuthenticationProvider. If the current configuration is intentional, to turn off this warning, increase the logging level of 'org.springframework.security.config.annotation.authentication.configuration.InitializeUserDetailsBeanManagerConfigurer' to ERROR
2026-02-18T20:19:36.965+05:30  WARN 22752 --- [yavij-express] [main] JpaBaseConfiguration$JpaWebConfiguration : spring.jpa.open-in-view is enabled by default. Therefore, database queries may be performed during view rendering. Explicitly configure spring.jpa.open-in-view to disable this warning
2026-02-18T20:19:38.632+05:30  INFO 22752 --- [yavij-express] [main] o.s.m.s.b.SimpleBrokerMessageHandler     : Starting...
2026-02-18T20:19:38.634+05:30  INFO 22752 --- [yavij-express] [main] o.s.m.s.b.SimpleBrokerMessageHandler     : BrokerAvailabilityEvent[available=true, SimpleBrokerMessageHandler [org.springframework.messaging.simp.broker.DefaultSubscriptionRegistry@61a4a71c]]
2026-02-18T20:19:38.635+05:30  INFO 22752 --- [yavij-express] [main] o.s.m.s.b.SimpleBrokerMessageHandler     : Started.
2026-02-18T20:19:38.646+05:30  INFO 22752 --- [yavij-express] [main] c.y.YavijexpressApplicationTests         : Started YavijexpressApplicationTests in 17.483 seconds (process running for 21.44)
2026-02-18T20:19:39.738+05:30  INFO 22752 --- [yavij-express] [SpringApplicationShutdownHook] o.s.m.s.b.SimpleBrokerMessageHandler     : Stopping...
2026-02-18T20:19:39.738+05:30  INFO 22752 --- [yavij-express] [SpringApplicationShutdownHook] o.s.m.s.b.SimpleBrokerMessageHandler     : BrokerAvailabilityEvent[available=false, SimpleBrokerMessageHandler [org.springframework.messaging.simp.broker.DefaultSubscriptionRegistry@61a4a71c]]
2026-02-18T20:19:39.739+05:30  INFO 22752 --- [yavij-express] [SpringApplicationShutdownHook] o.s.m.s.b.SimpleBrokerMessageHandler     : Stopped.
2026-02-18T20:19:39.750+05:30  INFO 22752 --- [yavij-express] [SpringApplicationShutdownHook] j.LocalContainerEntityManagerFactoryBean : Closing JPA EntityManagerFactory for persistence unit 'default'
2026-02-18T20:19:39.758+05:30  INFO 22752 --- [yavij-express] [SpringApplicationShutdownHook] com.zaxxer.hikari.HikariDataSource       : HikariPool-1 - Shutdown initiated...
2026-02-18T20:19:39.785+05:30  INFO 22752 --- [yavij-express] [SpringApplicationShutdownHook] com.zaxxer.hikari.HikariDataSource       : HikariPool-1 - Shutdown completed.
