2026-01-28T23:26:44.416+05:30  INFO 4752 --- [yavij-express] [main] c.yavijexpress.YavijExpressApplication   : Starting YavijExpressApplication using Java 24.0.2 with PID 4752 (C:\yavijexpress\yavijexpress\yavijexpress\target\classes started by Dell in C:\yavijexpress)
2026-01-28T23:26:44.435+05:30 DEBUG 4752 --- [yavij-express] [main] c.yavijexpress.YavijExpressApplication   : Running with Spring Boot v3.2.0, Spring v6.1.1
2026-01-28T23:26:44.438+05:30  INFO 4752 --- [yavij-express] [main] c.yavijexpress.YavijExpressApplication   : No active profile set, falling back to 1 default profile: "default"
2026-01-28T23:26:46.777+05:30  INFO 4752 --- [yavij-express] [main] .s.d.r.c.RepositoryConfigurationDelegate : Bootstrapping Spring Data JPA repositories in DEFAULT mode.
2026-01-28T23:26:46.974+05:30  INFO 4752 --- [yavij-express] [main] .s.d.r.c.RepositoryConfigurationDelegate : Finished Spring Data repository scanning in 173 ms. Found 11 JPA repository interfaces.
2026-01-28T23:26:48.991+05:30  INFO 4752 --- [yavij-express] [main] o.s.b.w.embedded.tomcat.TomcatWebServer  : Tomcat initialized with port 8080 (http)
2026-01-28T23:26:49.017+05:30  INFO 4752 --- [yavij-express] [main] o.apache.catalina.core.StandardService   : Starting service [Tomcat]
2026-01-28T23:26:49.018+05:30  INFO 4752 --- [yavij-express] [main] o.apache.catalina.core.StandardEngine    : Starting Servlet engine: [Apache Tomcat/10.1.16]
2026-01-28T23:26:49.178+05:30  INFO 4752 --- [yavij-express] [main] o.a.c.c.C.[Tomcat].[localhost].[/]       : Initializing Spring embedded WebApplicationContext
2026-01-28T23:26:49.179+05:30  INFO 4752 --- [yavij-express] [main] w.s.c.ServletWebServerApplicationContext : Root WebApplicationContext: initialization completed in 4575 ms
2026-01-28T23:26:49.432+05:30  INFO 4752 --- [yavij-express] [main] com.zaxxer.hikari.HikariDataSource       : HikariPool-1 - Starting...
2026-01-28T23:26:49.934+05:30  INFO 4752 --- [yavij-express] [main] com.zaxxer.hikari.pool.HikariPool        : HikariPool-1 - Added connection org.postgresql.jdbc.PgConnection@6380e9e9
2026-01-28T23:26:49.937+05:30  INFO 4752 --- [yavij-express] [main] com.zaxxer.hikari.HikariDataSource       : HikariPool-1 - Start completed.
2026-01-28T23:26:50.164+05:30  INFO 4752 --- [yavij-express] [main] o.f.c.internal.license.VersionPrinter    : Flyway Community Edition 9.22.3 by Redgate
2026-01-28T23:26:50.166+05:30  INFO 4752 --- [yavij-express] [main] o.f.c.internal.license.VersionPrinter    : See release notes here: https://rd.gt/416ObMi
2026-01-28T23:26:50.166+05:30  INFO 4752 --- [yavij-express] [main] o.f.c.internal.license.VersionPrinter    : 
2026-01-28T23:26:50.207+05:30  INFO 4752 --- [yavij-express] [main] org.flywaydb.core.FlywayExecutor         : Database: jdbc:postgresql://localhost:5432/yavij_express_db (PostgreSQL 18.1)
2026-01-28T23:26:50.236+05:30  WARN 4752 --- [yavij-express] [main] o.f.c.internal.database.base.Database    : Flyway upgrade recommended: PostgreSQL 18.1 is newer than this version of Flyway and support has not been tested. The latest supported version of PostgreSQL is 15.
2026-01-28T23:26:50.365+05:30  INFO 4752 --- [yavij-express] [main] o.f.core.internal.command.DbValidate     : Successfully validated 0 migrations (execution time 00:00.057s)
2026-01-28T23:26:50.366+05:30  WARN 4752 --- [yavij-express] [main] o.f.core.internal.command.DbValidate     : No migrations found. Are your locations set up correctly?
2026-01-28T23:26:50.399+05:30  INFO 4752 --- [yavij-express] [main] o.f.core.internal.command.DbMigrate      : Current version of schema "public": << Empty Schema >>
2026-01-28T23:26:50.414+05:30  INFO 4752 --- [yavij-express] [main] o.f.core.internal.command.DbMigrate      : Schema "public" is up to date. No migration necessary.
2026-01-28T23:26:50.689+05:30  INFO 4752 --- [yavij-express] [main] o.hibernate.jpa.internal.util.LogHelper  : HHH000204: Processing PersistenceUnitInfo [name: default]
2026-01-28T23:26:50.875+05:30  INFO 4752 --- [yavij-express] [main] org.hibernate.Version                    : HHH000412: Hibernate ORM core version 6.3.1.Final
2026-01-28T23:26:51.012+05:30  INFO 4752 --- [yavij-express] [main] o.h.c.internal.RegionFactoryInitiator    : HHH000026: Second-level cache disabled
2026-01-28T23:26:51.614+05:30  INFO 4752 --- [yavij-express] [main] o.s.o.j.p.SpringPersistenceUnitInfo      : No LoadTimeWeaver setup: ignoring JPA class transformer
2026-01-28T23:26:51.788+05:30  WARN 4752 --- [yavij-express] [main] org.hibernate.orm.deprecation            : HHH90000025: PostgreSQLDialect does not need to be specified explicitly using 'hibernate.dialect' (remove the property setting and it will be selected by default)
2026-01-28T23:26:53.998+05:30  INFO 4752 --- [yavij-express] [main] o.h.e.t.j.p.i.JtaPlatformInitiator       : HHH000489: No JTA platform available (set 'hibernate.transaction.jta.platform' to enable JTA platform integration)
2026-01-28T23:26:54.417+05:30  INFO 4752 --- [yavij-express] [main] j.LocalContainerEntityManagerFactoryBean : Initialized JPA EntityManagerFactory for persistence unit 'default'
2026-01-28T23:26:55.016+05:30  INFO 4752 --- [yavij-express] [main] o.s.d.j.r.query.QueryEnhancerFactory     : Hibernate is in classpath; If applicable, HQL parser will be used.
2026-01-28T23:26:56.019+05:30 DEBUG 4752 --- [yavij-express] [main] c.y.security.JwtAuthenticationFilter     : Filter 'jwtAuthenticationFilter' configured for use
2026-01-28T23:26:57.876+05:30  WARN 4752 --- [yavij-express] [main] JpaBaseConfiguration$JpaWebConfiguration : spring.jpa.open-in-view is enabled by default. Therefore, database queries may be performed during view rendering. Explicitly configure spring.jpa.open-in-view to disable this warning
2026-01-28T23:26:58.641+05:30  INFO 4752 --- [yavij-express] [main] o.s.s.web.DefaultSecurityFilterChain     : Will secure any request with [org.springframework.security.web.session.DisableEncodeUrlFilter@5ca4763f, org.springframework.security.web.context.request.async.WebAsyncManagerIntegrationFilter@4529b266, org.springframework.security.web.context.SecurityContextHolderFilter@31e5378b, org.springframework.security.web.header.HeaderWriterFilter@81da6a3, org.springframework.web.filter.CorsFilter@5b3063b7, org.springframework.security.web.authentication.logout.LogoutFilter@36f329e7, com.yavijexpress.security.JwtAuthenticationFilter@3f6bfcbe, org.springframework.security.web.savedrequest.RequestCacheAwareFilter@40a2cae4, org.springframework.security.web.servletapi.SecurityContextHolderAwareRequestFilter@651a3e01, org.springframework.security.web.authentication.AnonymousAuthenticationFilter@6aca85da, org.springframework.security.web.session.SessionManagementFilter@7f8589b1, org.springframework.security.web.access.ExceptionTranslationFilter@6074f8f9, org.springframework.security.web.access.intercept.AuthorizationFilter@ef21eba]
2026-01-28T23:26:59.506+05:30  INFO 4752 --- [yavij-express] [main] o.s.b.w.embedded.tomcat.TomcatWebServer  : Tomcat started on port 8080 (http) with context path ''
2026-01-28T23:26:59.511+05:30  INFO 4752 --- [yavij-express] [main] o.s.m.s.b.SimpleBrokerMessageHandler     : Starting...
2026-01-28T23:26:59.514+05:30  INFO 4752 --- [yavij-express] [main] o.s.m.s.b.SimpleBrokerMessageHandler     : BrokerAvailabilityEvent[available=true, SimpleBrokerMessageHandler [org.springframework.messaging.simp.broker.DefaultSubscriptionRegistry@7c458ad3]]
2026-01-28T23:26:59.514+05:30  INFO 4752 --- [yavij-express] [main] o.s.m.s.b.SimpleBrokerMessageHandler     : Started.
2026-01-28T23:26:59.527+05:30  INFO 4752 --- [yavij-express] [main] c.yavijexpress.YavijExpressApplication   : Started YavijExpressApplication in 16.363 seconds (process running for 34.034)
2026-01-28T23:27:59.475+05:30  INFO 4752 --- [yavij-express] [MessageBroker-1] o.s.w.s.c.WebSocketMessageBrokerStats    : WebSocketSession[0 current WS(0)-HttpStream(0)-HttpPoll(0), 0 total, 0 closed abnormally (0 connect failure, 0 send limit, 0 transport error)], stompSubProtocol[processed CONNECT(0)-CONNECTED(0)-DISCONNECT(0)], stompBrokerRelay[null], inboundChannel[pool size = 0, active threads = 0, queued tasks = 0, completed tasks = 0], outboundChannel[pool size = 0, active threads = 0, queued tasks = 0, completed tasks = 0], sockJsScheduler[pool size = 1, active threads = 1, queued tasks = 0, completed tasks = 0]
